// Jest Snapshot v1, https://goo.gl/fbAQLP

exports[`Header.js tests Snapshot test of Header 1`] = `
<nav
  className="navbar navbar-expand navbar-light"
>
  <div
    className="container"
  >
    <a
      className="navbar-brand"
      href="#home"
      style={
        Object {
          "fontSize": "38px",
          "fontWeight": "bolder",
        }
      }
    >
      SYFM
    </a>
    <button
      aria-label="Toggle navigation"
      className="navbar-toggler collapsed"
      onClick={[Function]}
      type="button"
    >
      <span
        className="navbar-toggler-icon"
      />
    </button>
    <div
      aria-expanded={null}
      className="justify-content-end navbar-collapse collapse"
    >
      <span
        className="navbar-text"
      >
        Search your favourite music
      </span>
    </div>
  </div>
</nav>
`;
